[    0.000000] Linux version 4.15.0-45-generic (buildd@lgw01-amd64-031) (gcc version 7.3.0 (Ubuntu 7.3.0-16ubuntu3)) #48-Ubuntu SMP Tue Jan 29 16:28:13 UTC 2019 (Ubuntu 4.15.0-45.48-generic 4.15.18)
[    0.000000] Command line: BOOT_IMAGE=/boot/vmlinuz-4.15.0-45-generic root=LABEL=cloudimg-rootfs ro console=tty1 console=ttyS0
[    0.000000] KERNEL supported cpus:
[    0.000000]   Intel GenuineIntel
[    0.000000]   AMD AuthenticAMD
[    0.000000]   Centaur CentaurHauls
[    0.000000] x86/fpu: Supporting XSAVE feature 0x001: 'x87 floating point registers'
[    0.000000] x86/fpu: Supporting XSAVE feature 0x002: 'SSE registers'
[    0.000000] x86/fpu: Supporting XSAVE feature 0x004: 'AVX registers'
[    0.000000] x86/fpu: xstate_offset[2]:  576, xstate_sizes[2]:  256
[    0.000000] x86/fpu: Enabled xstate features 0x7, context size is 832 bytes, using 'standard' format.
[    0.000000] e820: BIOS-provided physical RAM map:
[    0.000000] BIOS-e820: [mem 0x0000000000000000-0x000000000009fbff] usable
[    0.000000] BIOS-e820: [mem 0x000000000009fc00-0x000000000009ffff] reserved
[    0.000000] BIOS-e820: [mem 0x00000000000f0000-0x00000000000fffff] reserved
[    0.000000] BIOS-e820: [mem 0x0000000000100000-0x000000000ffeffff] usable
[    0.000000] BIOS-e820: [mem 0x000000000fff0000-0x000000000fffffff] ACPI data
[    0.000000] BIOS-e820: [mem 0x00000000fec00000-0x00000000fec00fff] reserved
[    0.000000] BIOS-e820: [mem 0x00000000fee00000-0x00000000fee00fff] reserved
[    0.000000] BIOS-e820: [mem 0x00000000fffc0000-0x00000000ffffffff] reserved
[    0.000000] NX (Execute Disable) protection: active
[    0.000000] SMBIOS 2.5 present.
[    0.000000] DMI: innotek GmbH VirtualBox/VirtualBox, BIOS VirtualBox 12/01/2006
[    0.000000] Hypervisor detected: KVM
[    0.000000] e820: last_pfn = 0xfff0 max_arch_pfn = 0x400000000
[    0.000000] MTRR: Disabled
[    0.000000] x86/PAT: MTRRs disabled, skipping PAT initialization too.
[    0.000000] CPU MTRRs all blank - virtualized system.
[    0.000000] x86/PAT: Configuration [0-7]: WB  WT  UC- UC  WB  WT  UC- UC  
[    0.000000] found SMP MP-table at [mem 0x0009fff0-0x0009ffff] mapped at [        (ptrval)]
[    0.000000] Scanning 1 areas for low memory corruption
[    0.000000] RAMDISK: [mem 0x0dbd3000-0x0ee59fff]
[    0.000000] ACPI: Early table checksum verification disabled
[    0.000000] ACPI: RSDP 0x00000000000E0000 000024 (v02 VBOX  )
[    0.000000] ACPI: XSDT 0x000000000FFF0030 00003C (v01 VBOX   VBOXXSDT 00000001 ASL  00000061)
[    0.000000] ACPI: FACP 0x000000000FFF00F0 0000F4 (v04 VBOX   VBOXFACP 00000001 ASL  00000061)
[    0.000000] ACPI: DSDT 0x000000000FFF0470 0022EA (v02 VBOX   VBOXBIOS 00000002 INTL 20180105)
[    0.000000] ACPI: FACS 0x000000000FFF0200 000040
[    0.000000] ACPI: FACS 0x000000000FFF0200 000040
[    0.000000] ACPI: APIC 0x000000000FFF0240 00005C (v02 VBOX   VBOXAPIC 00000001 ASL  00000061)
[    0.000000] ACPI: SSDT 0x000000000FFF02A0 0001CC (v01 VBOX   VBOXCPUT 00000002 INTL 20180105)
[    0.000000] No NUMA configuration found
[    0.000000] Faking a node at [mem 0x0000000000000000-0x000000000ffeffff]
[    0.000000] NODE_DATA(0) allocated [mem 0x0ffc5000-0x0ffeffff]
[    0.000000] kvm-clock: cpu 0, msr 0:ff44001, primary cpu clock
[    0.000000] kvm-clock: Using msrs 4b564d01 and 4b564d00
[    0.000000] kvm-clock: using sched offset of 3331600627 cycles
[    0.000000] clocksource: kvm-clock: mask: 0xffffffffffffffff max_cycles: 0x1cd42e4dffb, max_idle_ns: 881590591483 ns
[    0.000000] Zone ranges:
[    0.000000]   DMA      [mem 0x0000000000001000-0x0000000000ffffff]
[    0.000000]   DMA32    [mem 0x0000000001000000-0x000000000ffeffff]
[    0.000000]   Normal   empty
[    0.000000]   Device   empty
[    0.000000] Movable zone start for each node
[    0.000000] Early memory node ranges
[    0.000000]   node   0: [mem 0x0000000000001000-0x000000000009efff]
[    0.000000]   node   0: [mem 0x0000000000100000-0x000000000ffeffff]
[    0.000000] Reserved but unavailable: 114 pages
[    0.000000] Initmem setup node 0 [mem 0x0000000000001000-0x000000000ffeffff]
[    0.000000] ACPI: PM-Timer IO Port: 0x4008
[    0.000000] IOAPIC[0]: apic_id 2, version 32, address 0xfec00000, GSI 0-23
[    0.000000] ACPI: INT_SRC_OVR (bus 0 bus_irq 0 global_irq 2 dfl dfl)
[    0.000000] ACPI: INT_SRC_OVR (bus 0 bus_irq 9 global_irq 9 low level)
[    0.000000] Using ACPI (MADT) for SMP configuration information
[    0.000000] smpboot: Allowing 2 CPUs, 0 hotplug CPUs
[    0.000000] PM: Registered nosave memory: [mem 0x00000000-0x00000fff]
[    0.000000] PM: Registered nosave memory: [mem 0x0009f000-0x0009ffff]
[    0.000000] PM: Registered nosave memory: [mem 0x000a0000-0x000effff]
[    0.000000] PM: Registered nosave memory: [mem 0x000f0000-0x000fffff]
[    0.000000] e820: [mem 0x10000000-0xfebfffff] available for PCI devices
[    0.000000] Booting paravirtualized kernel on KVM
[    0.000000] clocksource: refined-jiffies: mask: 0xffffffff max_cycles: 0xffffffff, max_idle_ns: 7645519600211568 ns
[    0.000000] random: get_random_bytes called from start_kernel+0x99/0x4fd with crng_init=0
[    0.000000] setup_percpu: NR_CPUS:8192 nr_cpumask_bits:2 nr_cpu_ids:2 nr_node_ids:1
[    0.000000] percpu: Embedded 46 pages/cpu @        (ptrval) s151552 r8192 d28672 u1048576
[    0.000000] PV qspinlock hash table entries: 256 (order: 0, 4096 bytes)
[    0.000000] Built 1 zonelists, mobility grouping on.  Total pages: 64377
[    0.000000] Policy zone: DMA32
[    0.000000] Kernel command line: BOOT_IMAGE=/boot/vmlinuz-4.15.0-45-generic root=LABEL=cloudimg-rootfs ro console=tty1 console=ttyS0
[    0.000000] Memory: 209468K/261688K available (12300K kernel code, 2473K rwdata, 4252K rodata, 2408K init, 2416K bss, 52220K reserved, 0K cma-reserved)
[    0.000000] SLUB: HWalign=64, Order=0-3, MinObjects=0, CPUs=2, Nodes=1
[    0.000000] Kernel/User page tables isolation: enabled
[    0.000000] ftrace: allocating 39194 entries in 154 pages
[    0.004000] Hierarchical RCU implementation.
[    0.004000] 	RCU restricting CPUs from NR_CPUS=8192 to nr_cpu_ids=2.
[    0.004000] 	Tasks RCU enabled.
[    0.004000] RCU: Adjusting geometry for rcu_fanout_leaf=16, nr_cpu_ids=2
[    0.004000] NR_IRQS: 524544, nr_irqs: 440, preallocated irqs: 16
[    0.004000] Console: colour VGA+ 80x25
[    0.004000] console [tty1] enabled
[    0.004000] console [ttyS0] enabled
[    0.004000] ACPI: Core revision 20170831
[    0.004000] ACPI: 2 ACPI AML tables successfully acquired and loaded
[    0.004000] APIC: Switch to symmetric I/O mode setup
[    0.004000] x2apic enabled
[    0.004000] Switched APIC routing to physical x2apic.
[    0.004000] ..TIMER: vector=0x30 apic1=0 pin1=2 apic2=-1 pin2=-1
[    0.004000] tsc: Detected 2903.990 MHz processor
[    0.004000] Calibrating delay loop (skipped) preset value.. 5807.98 BogoMIPS (lpj=11615960)
[    0.004004] pid_max: default: 32768 minimum: 301
[    0.004567] Security Framework initialized
[    0.005061] Yama: becoming mindful.
[    0.005518] AppArmor: AppArmor initialized
[    0.006054] Dentry cache hash table entries: 32768 (order: 6, 262144 bytes)
[    0.006909] Inode-cache hash table entries: 16384 (order: 5, 131072 bytes)
[    0.008007] Mount-cache hash table entries: 512 (order: 0, 4096 bytes)
[    0.008725] Mountpoint-cache hash table entries: 512 (order: 0, 4096 bytes)
[    0.009696] mce: CPU supports 0 MCE banks
[    0.010195] Last level iTLB entries: 4KB 64, 2MB 8, 4MB 8
[    0.010796] Last level dTLB entries: 4KB 64, 2MB 0, 4MB 0, 1GB 4
[    0.011475] Spectre V2 : Mitigation: Full generic retpoline
[    0.012001] Spectre V2 : Spectre v2 / SpectreRSB mitigation: Filling RSB on context switch
[    0.012914] Speculative Store Bypass: Vulnerable
[    0.013524] Freeing SMP alternatives memory: 36K
[    0.016000] smpboot: CPU0: Intel(R) Core(TM) i7-7500U CPU @ 2.70GHz (family: 0x6, model: 0x8e, stepping: 0x9)
[    0.016000] Performance Events: unsupported p6 CPU model 142 no PMU driver, software events only.
[    0.016000] Hierarchical SRCU implementation.
[    0.016000] NMI watchdog: Perf event create on CPU 0 failed with -2
[    0.016000] NMI watchdog: Perf NMI watchdog permanently disabled
[    0.016037] smp: Bringing up secondary CPUs ...
[    0.016725] x86: Booting SMP configuration:
[    0.020002] .... node  #0, CPUs:      #1
[    0.004000] kvm-clock: cpu 1, msr 0:ff44041, secondary cpu clock
[    0.004000] mce: CPU supports 0 MCE banks
[    0.023249] smp: Brought up 1 node, 2 CPUs
[    0.024004] smpboot: Max logical packages: 1
[    0.024606] smpboot: Total of 2 processors activated (11615.96 BogoMIPS)
[    0.025572] devtmpfs: initialized
[    0.025572] x86/mm: Memory block size: 128MB
[    0.025572] evm: security.selinux
[    0.028003] evm: security.SMACK64
[    0.028422] evm: security.SMACK64EXEC
[    0.028863] evm: security.SMACK64TRANSMUTE
[    0.029344] evm: security.SMACK64MMAP
[    0.029791] evm: security.apparmor
[    0.030204] evm: security.ima
[    0.030579] evm: security.capability
[    0.031043] clocksource: jiffies: mask: 0xffffffff max_cycles: 0xffffffff, max_idle_ns: 7645041785100000 ns
[    0.032006] futex hash table entries: 512 (order: 3, 32768 bytes)
[    0.032749] pinctrl core: initialized pinctrl subsystem
[    0.033430] RTC time:  8:10:40, date: 02/13/19
[    0.034062] NET: Registered protocol family 16
[    0.034659] audit: initializing netlink subsys (disabled)
[    0.035286] audit: type=2000 audit(1550045445.299:1): state=initialized audit_enabled=0 res=1
[    0.036013] cpuidle: using governor ladder
[    0.036534] cpuidle: using governor menu
[    0.037026] ACPI: bus type PCI registered
[    0.037491] acpiphp: ACPI Hot Plug PCI Controller Driver version: 0.5
[    0.038256] PCI: Using configuration type 1 for base access
[    0.040650] HugeTLB registered 2.00 MiB page size, pre-allocated 0 pages
[    0.040760] ACPI: Added _OSI(Module Device)
[    0.040760] ACPI: Added _OSI(Processor Device)
[    0.041086] ACPI: Added _OSI(3.0 _SCP Extensions)
[    0.041627] ACPI: Added _OSI(Processor Aggregator Device)
[    0.042231] ACPI: Added _OSI(Linux-Dell-Video)
[    0.044009] ACPI: Added _OSI(Linux-Lenovo-NV-HDMI-Audio)
[    0.044607] ACPI: Added _OSI(Linux-HPI-Hybrid-Graphics)
[    0.045394] ACPI: Executed 1 blocks of module-level executable AML code
[    0.049363] ACPI: Interpreter enabled
[    0.049839] ACPI: (supports S0 S5)
[    0.050252] ACPI: Using IOAPIC for interrupt routing
[    0.051011] PCI: Using host bridge windows from ACPI; if necessary, use "pci=nocrs" and report a bug
[    0.052120] ACPI: Enabled 2 GPEs in block 00 to 07
[    0.057255] ACPI: PCI Root Bridge [PCI0] (domain 0000 [bus 00-ff])
[    0.057993] acpi PNP0A03:00: _OSC: OS supports [ASPM ClockPM Segments MSI]
[    0.059137] acpi PNP0A03:00: _OSC: not requesting OS control; OS requires [ExtendedConfig ASPM ClockPM MSI]
[    0.060012] acpi PNP0A03:00: fail to add MMCONFIG information, can't access extended PCI configuration space under this bridge.
[    0.061474] PCI host bridge to bus 0000:00
[    0.061952] pci_bus 0000:00: root bus resource [io  0x0000-0x0cf7 window]
[    0.062718] pci_bus 0000:00: root bus resource [io  0x0d00-0xffff window]
[    0.063452] pci_bus 0000:00: root bus resource [mem 0x000a0000-0x000bffff window]
[    0.064003] pci_bus 0000:00: root bus resource [mem 0x10000000-0xfdffffff window]
[    0.065008] pci_bus 0000:00: root bus resource [bus 00-ff]
[    0.068078] pci 0000:00:01.1: legacy IDE quirk: reg 0x10: [io  0x01f0-0x01f7]
[    0.069011] pci 0000:00:01.1: legacy IDE quirk: reg 0x14: [io  0x03f6]
[    0.069861] pci 0000:00:01.1: legacy IDE quirk: reg 0x18: [io  0x0170-0x0177]
[    0.070781] pci 0000:00:01.1: legacy IDE quirk: reg 0x1c: [io  0x0376]
[    0.079920] pci 0000:00:07.0: quirk: [io  0x4000-0x403f] claimed by PIIX4 ACPI
[    0.080012] pci 0000:00:07.0: quirk: [io  0x4100-0x410f] claimed by PIIX4 SMB
[    0.086359] ACPI: PCI Interrupt Link [LNKA] (IRQs 5 9 10 *11)
[    0.087410] ACPI: PCI Interrupt Link [LNKB] (IRQs 5 9 *10 11)
[    0.088089] ACPI: PCI Interrupt Link [LNKC] (IRQs 5 *9 10 11)
[    0.088947] ACPI: PCI Interrupt Link [LNKD] (IRQs 5 9 10 *11)
[    0.090022] SCSI subsystem initialized
[    0.090597] pci 0000:00:02.0: vgaarb: setting as boot VGA device
[    0.090597] pci 0000:00:02.0: vgaarb: VGA device added: decodes=io+mem,owns=io+mem,locks=none
[    0.092007] pci 0000:00:02.0: vgaarb: bridge control possible
[    0.092768] vgaarb: loaded
[    0.093193] ACPI: bus type USB registered
[    0.093772] usbcore: registered new interface driver usbfs
[    0.094543] usbcore: registered new interface driver hub
[    0.096021] usbcore: registered new device driver usb
[    0.096745] EDAC MC: Ver: 3.0.0
[    0.096745] PCI: Using ACPI for IRQ routing
[    0.096809] NetLabel: Initializing
[    0.097332] NetLabel:  domain hash size = 128
[    0.097932] NetLabel:  protocols = UNLABELED CIPSOv4 CALIPSO
[    0.100019] NetLabel:  unlabeled traffic allowed by default
[    0.100775] clocksource: Switched to clocksource kvm-clock
[    0.108665] VFS: Disk quotas dquot_6.6.0
[    0.109301] VFS: Dquot-cache hash table entries: 512 (order 0, 4096 bytes)
[    0.110276] AppArmor: AppArmor Filesystem Enabled
[    0.110948] pnp: PnP ACPI init
[    0.112137] pnp: PnP ACPI: found 3 devices
[    0.120243] clocksource: acpi_pm: mask: 0xffffff max_cycles: 0xffffff, max_idle_ns: 2085701024 ns
[    0.121467] NET: Registered protocol family 2
[    0.122235] TCP established hash table entries: 2048 (order: 2, 16384 bytes)
[    0.123200] TCP bind hash table entries: 2048 (order: 3, 32768 bytes)
[    0.124056] TCP: Hash tables configured (established 2048 bind 2048)
[    0.124903] UDP hash table entries: 256 (order: 1, 8192 bytes)
[    0.125681] UDP-Lite hash table entries: 256 (order: 1, 8192 bytes)
[    0.126529] NET: Registered protocol family 1
[    0.127138] pci 0000:00:00.0: Limiting direct PCI/PCI transfers
[    0.127940] pci 0000:00:01.0: Activating ISA DMA hang workarounds
[    0.128794] pci 0000:00:02.0: Video device with shadowed ROM at [mem 0x000c0000-0x000dffff]
[    0.129974] Unpacking initramfs...
[    0.353355] Freeing initrd memory: 18972K
[    0.354096] platform rtc_cmos: registered platform RTC device (no PNP device found)
[    0.355145] Scanning for low memory corruption every 60 seconds
[    0.356436] Initialise system trusted keyrings
[    0.357059] Key type blacklist registered
[    0.357674] workingset: timestamp_bits=36 max_order=16 bucket_order=0
[    0.359185] zbud: loaded
[    0.359882] squashfs: version 4.0 (2009/01/31) Phillip Lougher
[    0.360719] fuse init (API version 7.26)
[    0.363313] Key type asymmetric registered
[    0.364657] Asymmetric key parser 'x509' registered
[    0.365457] Block layer SCSI generic (bsg) driver version 0.4 loaded (major 246)
[    0.366688] io scheduler noop registered
[    0.367160] io scheduler deadline registered
[    0.367680] io scheduler cfq registered (default)
[    0.368479] ACPI: AC Adapter [AC] (on-line)
[    0.369014] input: Power Button as /devices/LNXSYSTM:00/LNXPWRBN:00/input/input0
[    0.369899] ACPI: Power Button [PWRF]
[    0.370387] input: Sleep Button as /devices/LNXSYSTM:00/LNXSLPBN:00/input/input1
[    0.371236] ACPI: Sleep Button [SLPF]
[    0.372408] ACPI: Battery Slot [BAT0] (battery present)
[    0.373147] Serial: 8250/16550 driver, 32 ports, IRQ sharing enabled
 	
 !"#$%&'()*+,-./0123456789:;<=>?@ABCDEFGHIJKLMNOPQRSTUVWXYZ[\]^_`abcdefghijklmnopqrstuvwxyz{|}~€‚ƒ„…†‡ˆ‰Š‹ŒŽ‘’“”•–—˜™š›œžŸ ¡¢£¤¥¦§¨©ª«¬­®¯°±²³´µ¶·¸¹º»¼½¾¿ÀÁÂÃÄÅÆÇÈÉÊËÌÍÎÏÐÑÒÓÔÕÖ×ØÙÚÛÜÝÞßàáâãäåæçèéêëìíîïðñòóôõö÷øùúûüýþÿ[    0.395276] 00:02: ttyS0 at I/O 0x3f8 (irq = 4, base_baud = 115200) is a 16550A
[    0.398416] Linux agpgart interface v0.103
[    0.401051] loop: module loaded
[    0.401908] scsi host0: ata_piix
[    0.402439] scsi host1: ata_piix
[    0.402879] ata1: PATA max UDMA/33 cmd 0x1f0 ctl 0x3f6 bmdma 0xd000 irq 14
[    0.403627] ata2: PATA max UDMA/33 cmd 0x170 ctl 0x376 bmdma 0xd008 irq 15
[    0.404494] libphy: Fixed MDIO Bus: probed
[    0.405020] tun: Universal TUN/TAP device driver, 1.6
[    0.405660] PPP generic driver version 2.4.2
[    0.406269] ehci_hcd: USB 2.0 'Enhanced' Host Controller (EHCI) Driver
[    0.406982] ehci-pci: EHCI PCI platform driver
[    0.407504] ehci-platform: EHCI generic platform driver
[    0.408144] ohci_hcd: USB 1.1 'Open' Host Controller (OHCI) Driver
[    0.408824] ohci-pci: OHCI PCI platform driver
[    0.409372] ohci-platform: OHCI generic platform driver
[    0.409958] uhci_hcd: USB Universal Host Controller Interface driver
[    0.410711] i8042: PNP: PS/2 Controller [PNP0303:PS2K,PNP0f03:PS2M] at 0x60,0x64 irq 1,12
[    0.412030] serio: i8042 KBD port at 0x60,0x64 irq 1
[    0.412651] serio: i8042 AUX port at 0x60,0x64 irq 12
[    0.413384] mousedev: PS/2 mouse device common for all mice
[    0.414471] input: AT Translated Set 2 keyboard as /devices/platform/i8042/serio0/input/input2
[    0.415589] rtc_cmos rtc_cmos: rtc core: registered rtc_cmos as rtc0
[    0.416354] rtc_cmos rtc_cmos: alarms up to one day, 114 bytes nvram
[    0.417050] i2c /dev entries driver
[    0.417485] pcie_mp2_amd: AMD(R) PCI-E MP2 Communication Driver Version: 1.0
[    0.418297] device-mapper: uevent: version 1.0.3
[    0.418896] device-mapper: ioctl: 4.37.0-ioctl (2017-09-20) initialised: dm-devel@redhat.com
[    0.419868] ledtrig-cpu: registered to indicate activity on CPUs
[    0.420861] NET: Registered protocol family 10
[    0.424033] Segment Routing with IPv6
[    0.424512] NET: Registered protocol family 17
[    0.425075] Key type dns_resolver registered
[    0.425748] RAS: Correctable Errors collector initialized.
[    0.426408] sched_clock: Marking stable (425719013, 0)->(650644339, -224925326)
[    0.427578] registered taskstats version 1
[    0.428116] Loading compiled-in X.509 certificates
[    0.430317] Loaded X.509 cert 'Build time autogenerated kernel key: e3b8f44ffaaceef3e3a84cfaebd8e5a9acebeaad'
[    0.431454] zswap: loaded using pool lzo/zbud
[    0.434349] Key type big_key registered
[    0.434837] Key type trusted registered
[    0.436454] Key type encrypted registered
[    0.436937] AppArmor: AppArmor sha1 policy hashing enabled
[    0.437565] ima: No TPM chip found, activating TPM-bypass! (rc=-19)
[    0.438256] ima: Allocated hash algorithm: sha1
[    0.438849] evm: HMAC attrs: 0x1
[    0.439429]   Magic number: 7:414:169
[    0.439973] rtc_cmos rtc_cmos: setting system clock to 2019-02-13 08:10:41 UTC (1550045441)
[    0.441042] BIOS EDD facility v0.16 2004-Jun-25, 0 devices found
[    0.441712] EDD information not available.
[    0.571432] Freeing unused kernel memory: 2408K
[    0.598657] Write protecting the kernel read-only data: 20480k
[    0.600750] Freeing unused kernel memory: 2008K
[    0.606135] Freeing unused kernel memory: 1892K
[    0.612887] x86/mm: Checked W+X mappings: passed, no W+X pages found.
[    0.613831] x86/mm: Checking user space page tables
[    0.619205] x86/mm: Checked W+X mappings: passed, no W+X pages found.
Loading, please wait...
starting version 237
[    0.686872] Fusion MPT base driver 3.04.20
[    0.687667] Copyright (c) 1999-2008 LSI Corporation
[    0.700887] AVX2 version of gcm_enc/dec engaged.
[    0.701783] AES CTR mode by8 optimization enabled
[    0.702783] e1000: Intel(R) PRO/1000 Network Driver - version 7.3.21-k8-NAPI
[    0.703853] e1000: Copyright (c) 1999-2006 Intel Corporation.
[    0.709489] Fusion MPT SPI Host driver 3.04.20
[    0.893764] input: ImExPS/2 Generic Explorer Mouse as /devices/platform/i8042/serio1/input/input4
[    1.071367] e1000 0000:00:03.0 eth0: (PCI:33MHz:32-bit) 02:b6:0a:08:3f:fb
[    1.072411] e1000 0000:00:03.0 eth0: Intel(R) PRO/1000 Network Connection
[    1.074199] mptbase: ioc0: Initiating bringup
[    1.168823] ioc0: LSI53C1030 A0: Capabilities={Initiator}
[    1.376510] tsc: Refined TSC clocksource calibration: 2904.437 MHz
[    1.379897] clocksource: tsc: mask: 0xffffffffffffffff max_cycles: 0x29dda2c5ac2, max_idle_ns: 440795355069 ns
[    1.417543] scsi host2: ioc0: LSI53C1030 A0, FwRev=00000000h, Ports=1, MaxQ=256, IRQ=20
[    1.590292] scsi 2:0:0:0: Direct-Access     VBOX     HARDDISK         1.0  PQ: 0 ANSI: 5
[    1.640322] scsi target2:0:0: Beginning Domain Validation
[    1.647702] scsi target2:0:0: Domain Validation skipping write tests
[    1.651350] scsi target2:0:0: Ending Domain Validation
[    1.654469] scsi target2:0:0: asynchronous
[    1.658598] scsi 2:0:1:0: Direct-Access     VBOX     HARDDISK         1.0  PQ: 0 ANSI: 5
[    1.938618] scsi target2:0:1: Beginning Domain Validation
[    1.939937] scsi target2:0:1: Domain Validation skipping write tests
[    1.940668] scsi target2:0:1: Ending Domain Validation
[    1.941269] random: fast init done
[    1.941685] scsi target2:0:1: asynchronous
[    1.945265] random: systemd-udevd: uninitialized urandom read (16 bytes read)
[    1.946099] random: systemd-udevd: uninitialized urandom read (16 bytes read)
[    1.946872] random: systemd-udevd: uninitialized urandom read (16 bytes read)
[    1.947980] sd 2:0:0:0: [sda] 20971520 512-byte logical blocks: (10.7 GB/10.0 GiB)
[    1.948003] sd 2:0:0:0: Attached scsi generic sg0 type 0
[    1.948282] sd 2:0:1:0: Attached scsi generic sg1 type 0
[    1.948496] sd 2:0:1:0: [sdb] 41943040 512-byte logical blocks: (21.5 GB/20.0 GiB)
[    1.948527] sd 2:0:1:0: [sdb] Write Protect is off
[    1.948584] sd 2:0:1:0: [sdb] Incomplete mode parameter data
[    1.948585] sd 2:0:1:0: [sdb] Assuming drive cache: write through
[    1.954179] sd 2:0:0:0: [sda] Write Protect is off
[    1.954596] sd 2:0:1:0: [sdb] Attached SCSI disk
[    1.955490] sd 2:0:0:0: [sda] Incomplete mode parameter data
[    1.956184] sd 2:0:0:0: [sda] Assuming drive cache: write through
[    1.958294]  sda: sda1
[    1.959254] sd 2:0:0:0: [sda] Attached SCSI disk
[    1.971934] e1000 0000:00:08.0 eth1: (PCI:33MHz:32-bit) 08:00:27:26:c7:e8
[    1.973104] e1000 0000:00:08.0 eth1: Intel(R) PRO/1000 Network Connection
[    1.974708] e1000 0000:00:03.0 enp0s3: renamed from eth0
[    1.988384] e1000 0000:00:08.0 enp0s8: renamed from eth1
Begin: Loading essential drivers ... [    3.420057] raid6: sse2x1   gen() 12129 MB/s
[    3.468045] raid6: sse2x1   xor()  8796 MB/s
[    3.516045] raid6: sse2x2   gen() 14904 MB/s
[    3.564045] raid6: sse2x2   xor() 10041 MB/s
[    3.612047] raid6: sse2x4   gen() 17261 MB/s
[    3.660055] raid6: sse2x4   xor() 10498 MB/s
[    3.708046] raid6: avx2x1   gen() 24379 MB/s
[    3.756037] raid6: avx2x1   xor() 16982 MB/s
[    3.804045] raid6: avx2x2   gen() 29512 MB/s
[    3.852042] raid6: avx2x2   xor() 18521 MB/s
[    3.900053] raid6: avx2x4   gen() 33733 MB/s
[    3.948017] raid6: avx2x4   xor() 20730 MB/s
[    3.948545] raid6: using algorithm avx2x4 gen() 33733 MB/s
[    3.949157] raid6: .... xor() 20730 MB/s, rmw enabled
[    3.949721] raid6: using avx2x2 recovery algorithm
[    3.951383] xor: automatically using best checksumming function   avx       
[    3.953374] async_tx: api initialized (async)
done.
Begin: Running /scripts/init-premount ... done.
Begin: Mounting root file system ... Begin: Running /scripts/local-top ... done.
Begin: Running /scripts/local-premount ... [    3.991158] Btrfs loaded, crc32c=crc32c-intel
Scanning for Btrfs filesystems
done.
Warning: fsck not present, so skipping root file system
[    4.008957] EXT4-fs (sda1): mounted filesystem with ordered data mode. Opts: (null)
done.
Begin: Running /scripts/local-bottom ... done.
Begin: Running /scripts/init-bottom ... done.
[    4.703133] ip_tables: (C) 2000-2006 Netfilter Core Team
[    4.746688] systemd[1]: systemd 237 running in system mode. (+PAM +AUDIT +SELINUX +IMA +APPARMOR +SMACK +SYSVINIT +UTMP +LIBCRYPTSETUP +GCRYPT +GNUTLS +ACL +XZ +LZ4 +SECCOMP +BLKID +ELFUTILS +KMOD -IDN2 +IDN -PCRE2 default-hierarchy=hybrid)
[    4.758012] systemd[1]: Detected virtualization oracle.
[    4.760954] systemd[1]: Detected architecture x86-64.

Welcome to [1mUbuntu 18.04.1 LTS[0m!

[    4.779770] systemd[1]: Set hostname to <ubuntu>.
[    4.791682] systemd[1]: Initializing machine ID from random generator.
[    4.793744] systemd[1]: Installed transient /etc/machine-id file.
[    5.566277] systemd[1]: Started Forward Password Requests to Wall Directory Watch.
[[0;32m  OK  [0m] Started Forward Password Requests to Wall Directory Watch.
[    5.567917] systemd[1]: Reached target Swap.
[[0;32m  OK  [0m] Reached target Swap.
[    5.580799] systemd[1]: Reached target System Time Synchronized.
[[0;32m  OK  [0m] Reached target System Time Synchronized.
[    5.582229] systemd[1]: Reached target User and Group Name Lookups.
[[0;32m  OK  [0m] Reached target User and Group Name Lookups.
[[0;32m  OK  [0m] Created slice System Slice.
[[0;32m  OK  [0m] Listening on Device-mapper event daemon FIFOs.
[[0;32m  OK  [0m] Listening on udev Kernel Socket.
[[0;32m  OK  [0m] Created slice system-serial\x2dgetty.slice.
[[0;32m  OK  [0m] Listening on udev Control Socket.
[[0;32m  OK  [0m] Listening on Journal Socket.
         Mounting Kernel Debug File System...
         Starting Load Kernel Modules...
[[0;32m  OK  [0m] Listening on Syslog Socket.
[[0;32m  OK  [0m] Listening on Network Service Netlink Socket.
         Mounting POSIX Message Queue File System...
[[0;32m  OK  [0m] Listening on Journal Socket (/dev/log).
         Starting Set the console keyboard layout...
         Mounting Huge Pages File System...
         Starting udev Coldplug all Devices...
[[0;32m  OK  [0m] Listening on LVM2 metadata daemon socket.
[[0;32m  OK  [0m] Listening on LVM2 poll daemon socket.
         Starting Monitoring of LVM2 mirrorsâ€¦ng dmeventd or progress polling...
[[0;32m  OK  [0m] Listening on /dev/initctl Compatibility Named Pipe.
         Starting Uncomplicated firewall...
         Starting Create list of required stâ€¦ce nodes for the current kernel...
[[0;32m  OK  [0m] Created slice User and Session Slice.
[[0;32m  OK  [0m] Reached target Slices.
[[0;32m  OK  [0m] Listening on Jou[    5.680510] Loading iSCSI transport class v2.0-870.
rnal Audit Socket.
         Starting Journal Service...
[[0;32m  OK  [0m] Set up automount Arbitrary Executabâ€¦rmats File System Automount Point.
[    5.821140] random: crng init done
[    5.821928] random: 7 urandom warning(s) missed due to ratelimiting
         Starting Remount Root and Kernel File Systems...
[[0;32m  OK  [0m] Started Uncomplicated firewall.
[[0;32m  OK  [0m] Started Create list of required staâ€¦vice nodes for the current kernel.
         Starting Create Static Device Nodes in /dev...
[    5.931792] iscsi: registered transport (tcp)
[[0;32m  OK  [0m] Started Journal Service.
[[0;32m  OK  [0m] Started udev Coldplug all Devices.
[    6.102374] iscsi: registered transport (iser)
[[0;32m  OK  [0m] Started Load Kernel Modules.
         Starting Apply Kernel Variables...
         Mounting FUSE Control File System...
         Mounting Kernel Configuration File System...
[[0;32m  OK  [0m] Started Create Static Device Nodes in /dev.
[[0;32m  OK  [0m] Started Apply Kernel Variables.
[[0;32m  OK  [0m] Mounted Kernel Debug File System.
[[0;32m  OK  [0m] Mounted POSIX Message Queue File System.
[[0;32m  OK  [0m] Mounted Huge Pages File System.
[[0;32m  OK  [0m] Started Remount Root and Kernel File Systems.
[[0;32m  OK  [0m] Mounted FUSE Control File System.
[[0;32m  OK  [0m] Mounted Kernel Configuration File System.
[[0;32m  OK  [0m] Started LVM2 metadata daemon.
         Starting udev Kernel Device Manager...
         Starting Flush Journal to Persistent Storage...
         Starting Load/Save Random Seed...
[[0;32m  OK  [0m] Started udev Kernel Device Manager.
[[0;32m  OK  [0m] Started Load/Save Random Seed.
[[0;32m  OK  [0m] Started Monitoring of LVM2 mirrors,â€¦sing dmeventd or progress polling.
[[0;32m  OK  [0m] Started Flush Journal to Persistent Storage.
[[0;32m  OK  [0m] Found device /dev/ttyS0.
[[0;32m  OK  [0m] Listening on Load/Save RF Kill Switch Status /dev/rfkill Watch.
[[0;32m  OK  [0m] Started Set the console keyboard layout.
[[0;32m  OK  [0m] Started Dispatch Password Requests to Console Directory Watch.
[[0;32m  OK  [0m] Reached target Local Encrypted Volumes.
[[0;32m  OK  [0m] Reached target Local File Systems (Pre).
[[0;32m  OK  [0m] Reached target Local File Systems.
         Starting Set console font and keymap...
         Starting Create Volatile Files and Directories...
         Starting AppArmor initialization...
         Starting Tell Plymouth To Write Out Runtime Data...
         Starting ebtables ruleset management...
         Starting Commit a transient machine-id on disk...
[[0;32m  OK  [0m] Started Set console font and keymap.
[[0;32m  OK  [0m] Started Tell Plymouth To Write Out Runtime Data.
[[0;32m  OK  [0m] Started Create Volatile Files and Directories.
         Starting Update UTMP about System Boot/Shutdown...
[[0;32m  OK  [0m] Started Update UTMP about System Boot/Shutdown.
[[0;32m  OK  [0m] Started Commit a transient machine-id on disk.
[[0;32m  OK  [0m] Started ebtables ruleset management.
[[0;32m  OK  [0m] Reached target Network (Pre).
         Starting Network Service...
[[0;32m  OK  [0m] Started Network Service.
         Starting Network Name Resolution...
         Starting Wait for Network to be Configured...
[[0;32m  OK  [0m] Started Wait for Network to be Configured.
[[0;32m  OK  [0m] Started Network Name Resolution.
[[0;32m  OK  [0m] Reached target Host and Network Name Lookups.
[[0;32m  OK  [0m] Reached target Network.
[[0;32m  OK  [0m] Reached target Network is Online.
[[0;32m  OK  [0m] Reached target Remote File Systems (Pre).
[[0;32m  OK  [0m] Reached target Remote File Systems.
         Starting Availability of block devices...
[[0;32m  OK  [0m] Started Availability of block devices.
[[0;32m  OK  [0m] Started AppArmor initialization.
[[0;32m  OK  [0m] Reached target System Initialization.
[[0;32m  OK  [0m] Started ACPI Events Check.
[[0;32m  OK  [0m] Reached target Paths.
[[0;32m  OK  [0m] Listening on ACPID Listen Socket.
[[0;32m  OK  [0m] Listening on Open-iSCSI iscsid Socket.
         Starting LXD - unix socket.
         Starting Socket activation for snappy daemon.
[[0;32m  OK  [0m] Started Daily Cleanup of Temporary Directories.
[[0;32m  OK  [0m] Started Discard unused blocks once a week.
[[0;32m  OK  [0m] Listening on UUID daemon activation socket.
[[0;32m  OK  [0m] Listening on D-Bus System Message Bus Socket.
[[0;32m  OK  [0m] Started Daily apt download activities.
[[0;32m  OK  [0m] Started Daily apt upgrade and clean activities.
[[0;32m  OK  [0m] Started Message of the Day.
[[0;32m  OK  [0m] Reached target Timers.
[[0;32m  OK  [0m] Listening on LXD - unix socket.
[[0;32m  OK  [0m] Listening on Socket activation for snappy daemon.
[[0;32m  OK  [0m] Reached target Sockets.
[[0;32m  OK  [0m] Reached target Basic System.
         Starting System Logging Service...
         Starting Pollinate to seed the pseudo random number generator...
         Starting LXD - container startup/shutdown...
         Starting Login Service...
         Starting LSB: automatic crash report generation...
[[0;32m  OK  [0m] Started Regular background program processing daemon.
         Starting Dispatcher daemon for systemd-networkd...
[[0;32m  OK  [0m] Started FUSE filesystem for LXC.
         Starting Permit User Sessions...
[[0;32m  OK  [0m] Started irqbalance daemon.
[[0;32m  OK  [0m] Started Deferred execution scheduler.
[[0;32m  OK  [0m] Started D-Bus System Message Bus.
         Starting Accounts Service...
         Starting Virtualbox guest utils...
         Starting LSB: Record successful boot for GRUB...
         Starting Snappy daemon...
[[0;32m  OK  [0m] Started System Logging Service.
[[0;32m  OK  [0m] Started Permit User Sessions.
[[0;32m  OK  [0m] Started Login Service.
[[0;32m  OK  [0m] Started Unattended Upgrades Shutdown.
         Starting Terminate Plymouth Boot Screen...
         Starting Hold until boot process finishes up...
[[0;32m  OK  [0m] Started Terminate Plymouth Boot Screen.
[[0;32m  OK  [0m] Started Hold until boot process finishes up.
         Starting Set console scheme...
[[0;32m  OK  [0m] Started Serial Getty on ttyS0.
[[0;32m  OK  [0m] Started Set console scheme.
[[0;32m  OK  [0m] Created slice system-getty.slice.
[[0;32m  OK  [0m] Started Getty on tty1.
[[0;32m  OK  [0m] Reached target Login Prompts.
[[0;32m  OK  [0m] Started LSB: automatic crash report generation.
[[0;32m  OK  [0m] Started LSB: Record successful boot for GRUB.
[[0;32m  OK  [0m] Started Virtualbox guest utils.
         Starting Authorization Manager...
[[0;32m  OK  [0m] Started Authorization Manager.
[[0;32m  OK  [0m] Started Accounts Service.
[[0;32m  OK  [0m] Started LXD - container startup/shutdown.
[[0;32m  OK  [0m] Started Pollinate to seed the pseudo random number generator.
         Starting OpenBSD Secure Shell server...
[[0;32m  OK  [0m] Started Snappy daemon.
         Starting Wait until snapd is fully seeded...
[[0;32m  OK  [0m] Started OpenBSD Secure Shell server.
[[0;32m  OK  [0m] Started Dispatcher daemon for systemd-networkd.

Ubuntu 18.04.1 LTS ubuntu ttyS0

ubuntu login: 